     1                                  
     2                                  	  ORG 100H
     3                                  ;----------------------------------------
     4                                  
     5                                  ; PRAKTIKUM 3:
     6                                  ; Flags und bedingte Spruenge
     7                                  
     8                                  start:
     9                                  ; Sagen Sie voraus, welche Flags (CF-ZF-PF-SF) und wie durch die
    10                                  ; entsprechenden Befehle beeinflusst werden, Ueberpruefen Sie
    11                                  
    12 00000000 B88102                            mov  ax,0281h
    13 00000003 3CC0                              cmp  al,0c0h
    14 00000005 A87E                              test al,7eh
    15 00000007 0C18                              or   al,18h
    16 00000009 240F                              and  al,0fh
    17 0000000B D0C4                              rol  ah,1
    18 0000000D D0C4                              rol  ah,1
    19                                  
    20 0000000F E400                    eingc:    in   al,0    ; Schalter abfragen
    21 00000011 3C09                              cmp  al,9
    22 00000013 72FA                              jc  eingc    ; bei welchen Eingabewerten wird gesprungen ?
    23                                  					   ; bei Eingabewerten, die Carry ausloesen
    24                                  					   ; sind all die Eingabewerte, die Bit 3-7 == 0
    25                                  					   ; d.h. gesprungen wird, wenn Button 3-7 aus sind
    26                                  					   ; Button 0-2 beliebig
    27                                  
    28 00000015 E400                    eingt:    in   al,0    ; Schalter abfragen
    29 00000017 A881                              test al,81h
    30 00000019 75FA                              jnz  eingt   ; bei welchen Eingabewerten wird gesprungen ?
    31                                  					   ; bei Eingabewerten, die nicht 0 ergeben
    32                                  					   ; sind all die Eingabewerte, bei denen (Bit7 == 1) | (Bit0 == 1)
    33                                  					   ; d.h. Schalter ganz rechts und/oder Schalter ganz links muessen an sein
    34                                  					    
    35 0000001B 90                                nop		   ; Leerbefehl, drei Takte lang wird nichts getan
    36 0000001C EBE2                              jmp start
    37                                  
    38                                  ;----------------------------------------
